<<<local>>>
2 service_description suite__state=2;;;;|suite__warning=300s;;;;|suite__critical=400s;;;;|suite_example_xfce=U;300;400;;|c_001__state=0;;;;|c_001__warning=20s;;;;|c_001__critical=30s;;;;|c_001_case1=14.20s;20;30;;|s_001_001_Test_Sahi_landing_page=1.14s;5;;;|s_001_002_Calculation=7.53s;10;;;|s_001_003_Editor=1.45s;10;;;|c_002__state=2;;;;|c_002__warning=20s;;;;|c_002__critical=30s;;;;|c_002_case2=U;20;30;;|s_002_001_Test_Sahi_landing_page_(case2)=U;5;;;|s_002_002_Calculation_(case2)=7.03s;10;;;|s_002_003_Editor_(case2)=1.39s;10;;; [CRIT] Sakuli suite "example_xfce" (44.80s) EXCEPTION: CASE "case2": STEP "Test_Sahi_landing_page_(case2)": _highlight(_link("xSL Manager")); TypeError: el is undefined Sahi.prototype._highlight@http://sahi.example.com/_s_/spr/concat.js:1210:9 @http://...